=== Meeting run 2026-08-24T16:58:15.900404+00:00 ===
```python
import pandas as pd

# Create a DataFrame with employees as rows and weeks as columns
df = pd.DataFrame(index=['clerk-1', 'data-1', 'ehr-1', 'influenza-1', 'it-1'], columns=['Week1', 'Week2'])

# Assign the results from each sub-task to the appropriate cell in the DataFrame
# Task 0.0: clerk-1 Week1
df.loc['clerk-1', 'Week1'] = "1. Begin data entry for electronic health records (EHR) from the past 3 months. 2. Ensure all patient records are accurately entered into the EHR system. 3. Identify and flag incomplete or missing records for follow-up. 4. Generate a report of data entry progress by end of week."

# Task 0.1: clerk-1 Week2
df.loc['clerk-1', 'Week2'] = "1. Continue EHR data entry for the remaining records. 2. Focus on resolving flagged incomplete records. 3. Collaborate with EHR Specialist to verify data accuracy. 4. Submit a final data entry completion report by end of week."

# Task 0.2: data-1 Week1
df.loc['data-1', 'Week1'] = "1. Develop a data collection framework for influenza trends. 2. Identify and extract relevant data fields from EHR and surveillance systems. 3. Clean and preprocess the initial dataset for analysis. 4. Create a preliminary data dictionary and share with team."

# Task 0.3: data-1 Week2
df.loc['data-1', 'Week2'] = "1. Begin initial analysis of influenza trends using the cleaned dataset. 2. Generate descriptive statistics and visualizations (e.g., bar charts, line graphs). 3. Identify potential patterns or anomalies in influenza data. 4. Prepare a draft report on initial findings for team review."

# Task 0.4: ehr-1 Week1
df.loc['ehr-1', 'Week1'] = "1. Review current EHR system capabilities and data structure. 2. Collaborate with IT to ensure system readiness for data collection. 3. Train clerk-1 on EHR data entry protocols and standards. 4. Establish a data validation checklist for EHR entries."

# Task 0.5: ehr-1 Week2
df.loc['ehr-1', 'Week2'] = "1. Conduct a data quality audit on entered records. 2. Identify and resolve discrepancies in EHR data. 3. Finalize EHR data collection process documentation. 4. Present a summary of EHR data quality and readiness for analysis to the team."

# Task 0.6: influenza-1 Week1
df.loc['influenza-1', 'Week1'] = "1. Review existing influenza surveillance protocols and data sources. 2. Coordinate with public health agencies for data sharing agreements. 3. Define key influenza indicators (e.g., case counts, age groups). 4. Develop a data collection timeline for the next 2 weeks."

# Task 0.7: influenza-1 Week2
df.loc['influenza-1', 'Week2'] = "1. Begin collecting influenza data from internal and external sources. 2. Validate data accuracy and completeness. 3. Integrate influenza data with EHR data for cross-referencing. 4. Present a consolidated influenza data report to the team."

# Task 0.8: it-1 Week1
df.loc['it-1', 'Week1'] = "1. Ensure EHR system is accessible and secure for data entry. 2. Set up data backup and recovery protocols. 3. Provide technical support for EHR data entry tools. 4. Monitor system performance and resolve any technical issues."

# Task 0.9: it-1 Week2
df.loc['it-1', 'Week2'] = "1. Implement data encryption and access controls for sensitive health data. 2. Conduct a system security audit. 3. Support data analysts in accessing and extracting data from the EHR system. 4. Prepare a report on system performance and security compliance."

# Display the final DataFrame
df
```
